// Vitest Snapshot v1, https://vitest.dev/guide/snapshot.html

exports[`inno > INNO - Large site.pdf > mapHaphazardColumns output matches snapshot 1`] = `[]`;

exports[`inno > INNO - Large site.pdf > mapInnoToSheet output matches snapshot 1`] = `[]`;

exports[`inno > INNO - Smal site.pdf > mapHaphazardColumns output matches snapshot 1`] = `
[
  {
    "0": "BL28.01.001",
    "1": "1.etg",
    "2": "vindfang",
    "3": "rom",
    "4": "1.05",
    "5": "ML",
    "6": "Kurs:",
    "7": "HF",
    "8": "kurs",
    "9": "1",
  },
  {
    "0": "BL28.01.002",
    "1": "1.etg",
    "2": "hall",
    "3": "rom",
    "4": "1.07",
    "5": "ML",
    "6": "Kurs:",
    "7": "HF",
    "8": "kurs",
    "9": "11",
  },
  {
    "0": "BL28.01.003",
    "1": "1.etg",
    "2": "baktrapp",
    "3": "rom",
    "4": "1.01",
    "5": "ML",
    "6": "Kurs:",
    "7": "HF",
    "8": "kurs",
    "9": "11",
  },
  {
    "0": "BL28.00.004",
    "1": "U.etg",
    "2": "teknisk",
    "3": "rom",
    "4": "KJ01",
    "5": "ML",
    "6": "Kurs:",
    "7": "HF",
    "8": "kurs",
    "9": "2",
  },
  {
    "0": "BL28.00.005",
    "1": "U.etg",
    "2": "lang",
    "3": "korridor",
    "4": "ML",
    "5": "Kurs:",
    "6": "HF",
    "7": "kurs",
    "8": "2",
  },
  {
    "0": "BL28.02.006",
    "1": "2.etg",
    "2": "baktrapp",
    "3": "ML",
    "4": "Kurs:",
    "5": "HF",
    "6": "kurs",
    "7": "30",
  },
  {
    "0": "BL28.02.007",
    "1": "2.etg",
    "2": "hall",
    "3": "rom",
    "4": "2.07",
    "5": "ML",
    "6": "Kurs:",
    "7": "HF",
    "8": "kurs",
    "9": "30",
  },
  {
    "0": "BL28.02.008",
    "1": "2.etg",
    "2": "hovedtrapp",
    "3": "rom",
    "4": "2.05",
    "5": "ML",
    "6": "Kurs:",
    "7": "HF",
    "8": "kurs",
    "9": "1",
  },
  {
    "0": "BL28.01.011",
    "1": "1.etg",
    "2": "baktrapp",
    "3": "rom",
    "4": "1.01",
    "5": "LL",
    "6": "Kurs:",
    "7": "HF",
    "8": "kurs",
    "9": "11",
  },
  {
    "0": "BL28.02.012",
    "1": "2.etg",
    "2": "baktrapp",
    "3": "LL",
    "4": "Kurs:",
    "5": "HF",
    "6": "kurs",
    "7": "30",
  },
  {
    "0": "BL28.02.012",
    "1": "2.etg",
    "2": "hovedtrapp",
    "3": "rom",
    "4": "2.05",
    "5": "LL",
    "6": "Kurs:",
    "7": "HF",
    "8": "kurs",
    "9": "1",
  },
]
`;

exports[`inno > INNO - Smal site.pdf > mapInnoToSheet output matches snapshot 1`] = `
[
  {
    "Armatur": "",
    "Batteri": "",
    "Etg": "1",
    "Fordeling": "",
    "Kommentar": "BL28.01.001 - 1.etg vindfang rom 1.05 - ML Kurs: HF kurs 1",
    "Kurs": "",
    "Lystype": "ML",
    "Nr": "BL28.01.001",
    "Plassering": "vindfang rom 1.05 Kurs: HF kurs 1",
    "Spenning": "",
    "Status": "",
  },
  {
    "Armatur": "",
    "Batteri": "",
    "Etg": "1",
    "Fordeling": "",
    "Kommentar": "BL28.01.002 - 1.etg hall rom 1.07 - ML Kurs: HF kurs 11",
    "Kurs": "",
    "Lystype": "ML",
    "Nr": "BL28.01.002",
    "Plassering": "hall rom 1.07 Kurs: HF kurs 11",
    "Spenning": "",
    "Status": "",
  },
  {
    "Armatur": "",
    "Batteri": "",
    "Etg": "1",
    "Fordeling": "",
    "Kommentar": "BL28.01.003 - 1.etg baktrapp rom 1.01 - ML Kurs: HF kurs 11",
    "Kurs": "",
    "Lystype": "ML",
    "Nr": "BL28.01.003",
    "Plassering": "baktrapp rom 1.01 Kurs: HF kurs 11",
    "Spenning": "",
    "Status": "",
  },
  {
    "Armatur": "",
    "Batteri": "",
    "Etg": "U",
    "Fordeling": "",
    "Kommentar": "BL28.00.004 - U.etg teknisk rom KJ01 - ML Kurs: HF kurs 2",
    "Kurs": "",
    "Lystype": "ML",
    "Nr": "BL28.00.004",
    "Plassering": "teknisk rom KJ01 Kurs: HF kurs 2",
    "Spenning": "",
    "Status": "",
  },
  {
    "Armatur": "",
    "Batteri": "",
    "Etg": "U",
    "Fordeling": "",
    "Kommentar": "BL28.00.005 - U.etg lang korridor - ML Kurs: HF kurs 2",
    "Kurs": "",
    "Lystype": "ML",
    "Nr": "BL28.00.005",
    "Plassering": "lang korridor Kurs: HF kurs 2",
    "Spenning": "",
    "Status": "",
  },
  {
    "Armatur": "",
    "Batteri": "",
    "Etg": "2",
    "Fordeling": "",
    "Kommentar": "BL28.02.006 - 2.etg baktrapp - ML Kurs: HF kurs 30",
    "Kurs": "",
    "Lystype": "ML",
    "Nr": "BL28.02.006",
    "Plassering": "baktrapp Kurs: HF kurs 30",
    "Spenning": "",
    "Status": "",
  },
  {
    "Armatur": "",
    "Batteri": "",
    "Etg": "2",
    "Fordeling": "",
    "Kommentar": "BL28.02.007 - 2.etg hall rom 2.07 - ML Kurs: HF kurs 30",
    "Kurs": "",
    "Lystype": "ML",
    "Nr": "BL28.02.007",
    "Plassering": "hall rom 2.07 Kurs: HF kurs 30",
    "Spenning": "",
    "Status": "",
  },
  {
    "Armatur": "",
    "Batteri": "",
    "Etg": "2",
    "Fordeling": "",
    "Kommentar": "BL28.02.008 - 2.etg hovedtrapp rom 2.05 - ML Kurs: HF kurs 1",
    "Kurs": "",
    "Lystype": "ML",
    "Nr": "BL28.02.008",
    "Plassering": "hovedtrapp rom 2.05 Kurs: HF kurs 1",
    "Spenning": "",
    "Status": "",
  },
  {
    "Armatur": "",
    "Batteri": "",
    "Etg": "1",
    "Fordeling": "",
    "Kommentar": "BL28.01.011 - 1.etg baktrapp rom 1.01 LL Kurs: HF kurs 11",
    "Kurs": "",
    "Lystype": "LL",
    "Nr": "BL28.01.011",
    "Plassering": "baktrapp rom 1.01 Kurs: HF kurs 11",
    "Spenning": "",
    "Status": "",
  },
  {
    "Armatur": "",
    "Batteri": "",
    "Etg": "2",
    "Fordeling": "",
    "Kommentar": "BL28.02.012 - 2.etg baktrapp - LL Kurs: HF kurs 30",
    "Kurs": "",
    "Lystype": "LL",
    "Nr": "BL28.02.012",
    "Plassering": "baktrapp Kurs: HF kurs 30",
    "Spenning": "",
    "Status": "",
  },
  {
    "Armatur": "",
    "Batteri": "",
    "Etg": "2",
    "Fordeling": "",
    "Kommentar": "BL28.02.012 - 2.etg hovedtrapp rom 2.05 - LL Kurs: HF kurs 1",
    "Kurs": "",
    "Lystype": "LL",
    "Nr": "BL28.02.012",
    "Plassering": "hovedtrapp rom 2.05 Kurs: HF kurs 1",
    "Spenning": "",
    "Status": "",
  },
]
`;
